🚀 Starting KCV Parser Tests...

Test 1: Simple Config...
✅ Simple Config Passed

Test 2: Includes...

❌ Test Suite Failed!
AssertionError [ERR_ASSERTION]: Should have correct line number for included file

7 !== 4

    at runTests (E:\Andris\dev\maxreveng\src\tests\parser.test.ts:59:10)
    at <anonymous> (E:\Andris\dev\maxreveng\src\tests\parser.test.ts:93:1)
    at ModuleJob.run (node:internal/modules/esm/module_job:439:25)
    at async node:internal/modules/esm/loader:643:26
    at async asyncRunEntryPointWithESMLoader (node:internal/modules/run_main:101:5) {
  generatedMessage: false,
  code: 'ERR_ASSERTION',
  actual: 7,
  expected: 4,
  operator: 'strictEqual',
  diff: 'simple'
}
